// Jest Snapshot v1, https://goo.gl/fbAQLP

exports[`snapshot 1`] = `
<div
  class="multiple"
  data-testid="Carousel"
>
  <div
    class="carousel"
  >
    <div
      class="carouselButton"
    >
      <div
        class="container"
      >
        <button
          aria-label="Back One"
          class="mantine-focus-auto mantine-active button m_8d3f4000 mantine-ActionIcon-root m_87cf2631 mantine-UnstyledButton-root"
          data-testid="Button"
          style="--ai-color: var(--mantine-color-white);"
          type="button"
        >
          <span
            class="m_8d3afb97 mantine-ActionIcon-icon"
          >
            <svg
              class="tabler-icon tabler-icon-caret-up "
              fill="none"
              height="24"
              stroke="currentColor"
              stroke-linecap="round"
              stroke-linejoin="round"
              stroke-width="2"
              viewBox="0 0 24 24"
              width="24"
              xmlns="http://www.w3.org/2000/svg"
            >
              <path
                d="M18 14l-6 -6l-6 6h12"
              />
            </svg>
          </span>
        </button>
      </div>
    </div>
    <div
      class="content"
    >
      <div
        class="listView"
      >
        <div>
          hello
        </div>
      </div>
    </div>
    <div
      class="carouselButton"
    >
      <div
        class="container"
      >
        <button
          aria-label="Forward One"
          class="mantine-focus-auto mantine-active button m_8d3f4000 mantine-ActionIcon-root m_87cf2631 mantine-UnstyledButton-root"
          data-testid="Button"
          style="--ai-color: var(--mantine-color-white);"
          type="button"
        >
          <span
            class="m_8d3afb97 mantine-ActionIcon-icon"
          >
            <svg
              class="tabler-icon tabler-icon-caret-down "
              fill="none"
              height="24"
              stroke="currentColor"
              stroke-linecap="round"
              stroke-linejoin="round"
              stroke-width="2"
              viewBox="0 0 24 24"
              width="24"
              xmlns="http://www.w3.org/2000/svg"
            >
              <path
                d="M6 10l6 6l6 -6h-12"
              />
            </svg>
          </span>
        </button>
      </div>
    </div>
  </div>
  <div
    class="iterationProgress"
    data-testid="IterationProgress"
  >
    <span>
      <span
        data-testid="Timer"
      >
        <span
          data-testid="LocalProgress"
        >
          <div
            class="m_b32e4812 mantine-RingProgress-root"
            data-testid="Progress"
            style="--rp-size: calc(4.5rem * var(--mantine-scale)); --rp-label-offset: calc(1.5rem * var(--mantine-scale));"
          >
            <svg
              class="m_d43b5134 mantine-RingProgress-svg"
            >
              <circle
                class="m_b1ca1fbf mantine-RingProgress-curve"
                cx="36"
                cy="36"
                fill="none"
                r="20.4"
                stroke-dasharray="128.14493602139692, 0.032044245066615885"
                stroke-dashoffset="0"
                stroke-linecap="butt"
                stroke-width="12"
                transform="scale(1, -1) translate(0, -72)"
              />
              <circle
                class="m_b1ca1fbf mantine-RingProgress-curve"
                cx="36"
                cy="36"
                fill="none"
                r="20.4"
                stroke-dasharray="0.032044245066615885, 128.14493602139692"
                stroke-dashoffset="128.17698026646354"
                stroke-linecap="butt"
                stroke-width="12"
                style="--curve-color: var(--secondary-color);"
              />
            </svg>
            <div
              class="m_b23f9dc4 mantine-RingProgress-label"
            >
              <div
                class="label"
              >
                1
              </div>
            </div>
          </div>
        </span>
      </span>
    </span>
    <span
      class="count"
    >
      <span
        data-testid="Count"
      >
        <span
          data-testid="LocalProgress"
        >
          <div
            class="m_b32e4812 mantine-RingProgress-root"
            data-testid="Progress"
            style="--rp-size: calc(4.5rem * var(--mantine-scale)); --rp-label-offset: calc(1.5rem * var(--mantine-scale));"
          >
            <svg
              class="m_d43b5134 mantine-RingProgress-svg"
            >
              <circle
                class="m_b1ca1fbf mantine-RingProgress-curve"
                cx="36"
                cy="36"
                fill="none"
                r="20.4"
                stroke-dasharray="64.08849013323177, 64.08849013323177"
                stroke-dashoffset="0"
                stroke-linecap="butt"
                stroke-width="12"
                transform="scale(1, -1) translate(0, -72)"
              />
              <circle
                class="m_b1ca1fbf mantine-RingProgress-curve"
                cx="36"
                cy="36"
                fill="none"
                r="20.4"
                stroke-dasharray="64.08849013323177, 64.08849013323177"
                stroke-dashoffset="128.17698026646354"
                stroke-linecap="butt"
                stroke-width="12"
                style="--curve-color: var(--secondary-color);"
              />
            </svg>
            <div
              class="m_b23f9dc4 mantine-RingProgress-label"
            >
              <div
                class="label"
              >
                2
              </div>
            </div>
          </div>
        </span>
      </span>
    </span>
    <span
      class="slider"
    >
      <div
        class="m_dd36362e mantine-Slider-root"
        style="--slider-radius: var(--mantine-radius-xl); --slider-thumb-size: calc(var(--slider-size) * 2);"
        tabindex="-1"
      >
        <div
          class="m_a8645c2 mantine-Slider-trackContainer"
        >
          <div
            class="m_c9ade57f mantine-Slider-track"
          >
            <div
              class="m_38aeed47 mantine-Slider-bar"
              style="--slider-bar-width: calc(40% + var(--slider-size)); --slider-bar-offset: calc(0% - var(--slider-size));"
            />
            <div
              aria-label=""
              aria-valuemax="5"
              aria-valuemin="0"
              aria-valuenow="2"
              class="mantine-focus-auto m_c9a9a60a mantine-Slider-thumb"
              role="slider"
              style="--slider-thumb-offset: 40%;"
              tabindex="0"
            />
            <div>
              <div
                class="m_b7b0423a mantine-Slider-markWrapper"
                style="--mark-offset: 0%;"
              >
                <div
                  class="m_dd33bc19 mantine-Slider-mark"
                  data-filled="true"
                />
                <div
                  class="m_68c77a5b mantine-Slider-markLabel"
                  style="display: none;"
                >
                  1 seconds
                </div>
              </div>
              <div
                class="m_b7b0423a mantine-Slider-markWrapper"
                style="--mark-offset: 20%;"
              >
                <div
                  class="m_dd33bc19 mantine-Slider-mark"
                  data-filled="true"
                />
                <div
                  class="m_68c77a5b mantine-Slider-markLabel"
                  style="display: none;"
                >
                  2 seconds
                </div>
              </div>
              <div
                class="m_b7b0423a mantine-Slider-markWrapper"
                style="--mark-offset: 40%;"
              >
                <div
                  class="m_dd33bc19 mantine-Slider-mark"
                  data-filled="true"
                />
                <div
                  class="m_68c77a5b mantine-Slider-markLabel"
                  style="display: none;"
                >
                  4 seconds
                </div>
              </div>
              <div
                class="m_b7b0423a mantine-Slider-markWrapper"
                style="--mark-offset: 60%;"
              >
                <div
                  class="m_dd33bc19 mantine-Slider-mark"
                />
                <div
                  class="m_68c77a5b mantine-Slider-markLabel"
                  style="display: none;"
                >
                  8 seconds
                </div>
              </div>
              <div
                class="m_b7b0423a mantine-Slider-markWrapper"
                style="--mark-offset: 80%;"
              >
                <div
                  class="m_dd33bc19 mantine-Slider-mark"
                />
                <div
                  class="m_68c77a5b mantine-Slider-markLabel"
                  style="display: none;"
                >
                  16 seconds
                </div>
              </div>
              <div
                class="m_b7b0423a mantine-Slider-markWrapper"
                style="--mark-offset: 100%;"
              >
                <div
                  class="m_dd33bc19 mantine-Slider-mark"
                />
                <div
                  class="m_68c77a5b mantine-Slider-markLabel"
                  style="display: none;"
                >
                  Paused
                </div>
              </div>
            </div>
          </div>
        </div>
        <input
          type="hidden"
          value="2"
        />
      </div>
    </span>
  </div>
</div>
`;
