// Jest Snapshot v1, https://goo.gl/fbAQLP

exports[`snapshot 1`] = `
<div
  class="title"
  data-testid="Title"
>
  <div
    class="icon"
  >
    <svg
      class="tabler-icon tabler-icon-alarm "
      fill="none"
      height="24"
      stroke="currentColor"
      stroke-linecap="round"
      stroke-linejoin="round"
      stroke-width="2"
      viewBox="0 0 24 24"
      width="24"
      xmlns="http://www.w3.org/2000/svg"
    >
      <path
        d="M12 13m-7 0a7 7 0 1 0 14 0a7 7 0 1 0 -14 0"
      />
      <path
        d="M12 10l0 3l2 0"
      />
      <path
        d="M7 4l-2.75 2"
      />
      <path
        d="M17 4l2.75 2"
      />
    </svg>
  </div>
  <div
    class="text"
  >
    now
     - 
  </div>
</div>
`;
