// Jest Snapshot v1, https://goo.gl/fbAQLP

exports[`snapshot 1`] = `
<details
  class="accordion"
  data-testid="Accordion"
  open=""
>
  <summary>
    Some Summary
  </summary>
  <div
    class="body"
  >
    <div
      class="default"
    >
      None Specified
    </div>
    <ul
      class="items"
      id="ulId123456789"
    >
      <li
        class="item"
      />
    </ul>
  </div>
</details>
`;
