// Jest Snapshot v1, https://goo.gl/fbAQLP

exports[`snapshot 1`] = `
<div
  class="iterationProgress"
  data-testid="IterationProgress"
>
  <span>
    <span
      data-testid="Timer"
    >
      <span
        data-testid="LocalProgress"
      >
        <div
          class="m_b32e4812 mantine-RingProgress-root"
          data-testid="Progress"
          style="--rp-size: calc(3.5rem * var(--mantine-scale)); --rp-label-offset: calc(1rem * var(--mantine-scale));"
          title="Unpaused"
        >
          <svg
            class="m_d43b5134 mantine-RingProgress-svg"
          >
            <circle
              class="m_b1ca1fbf mantine-RingProgress-curve"
              cx="28"
              cy="28"
              fill="none"
              r="17.2"
              stroke-dasharray="108.043769586668, 0.027017696820872225"
              stroke-dashoffset="0"
              stroke-linecap="butt"
              stroke-width="8"
              transform="scale(1, -1) translate(0, -56)"
            />
            <circle
              class="m_b1ca1fbf mantine-RingProgress-curve"
              cx="28"
              cy="28"
              fill="none"
              r="17.2"
              stroke-dasharray="0.027017696820872225, 108.043769586668"
              stroke-dashoffset="108.07078728348888"
              stroke-linecap="butt"
              stroke-width="8"
              style="--curve-color: var(--secondary-color);"
            />
          </svg>
          <div
            class="m_b23f9dc4 mantine-RingProgress-label"
          >
            <div
              class="label"
            >
              1
            </div>
          </div>
        </div>
      </span>
    </span>
  </span>
  <span
    class="count"
  >
    <span
      data-testid="Count"
    >
      <span
        data-testid="LocalProgress"
      >
        <div
          class="m_b32e4812 mantine-RingProgress-root"
          data-testid="Progress"
          style="--rp-size: calc(3.5rem * var(--mantine-scale)); --rp-label-offset: calc(1rem * var(--mantine-scale));"
          title="4 seconds"
        >
          <svg
            class="m_d43b5134 mantine-RingProgress-svg"
          >
            <circle
              class="m_b1ca1fbf mantine-RingProgress-curve"
              cx="28"
              cy="28"
              fill="none"
              r="17.2"
              stroke-dasharray="-Infinity, Infinity"
              stroke-dashoffset="0"
              stroke-linecap="butt"
              stroke-width="8"
              transform="scale(1, -1) translate(0, -56)"
            />
            <circle
              class="m_b1ca1fbf mantine-RingProgress-curve"
              cx="28"
              cy="28"
              fill="none"
              r="17.2"
              stroke-dasharray="Infinity, -Infinity"
              stroke-dashoffset="108.07078728348888"
              stroke-linecap="butt"
              stroke-width="8"
              style="--curve-color: var(--secondary-color);"
            />
          </svg>
          <div
            class="m_b23f9dc4 mantine-RingProgress-label"
          >
            <div
              class="label"
            >
              0
            </div>
          </div>
        </div>
      </span>
    </span>
  </span>
</div>
`;
