// Jest Snapshot v1, https://goo.gl/fbAQLP

exports[`snapshot 1`] = `
<div
  class="logo"
  data-testid="Logo"
  style="display: inline-block; height: 60px; overflow: hidden; width: 96px; font-family: \\"Courier New\\", Courier, monospace; font-size: 120px; line-height: 180px;"
>
  <div
    style="position: relative; top: -48px;"
  >
    <div
      style="height: 78px; overflow: hidden;"
    >
      <div>
        T
      </div>
    </div>
    <div
      style="height: 72px; overflow: hidden; position: relative; top: -48px; left: 24px;"
    >
      <div
        style="position: relative; top: -24px; width: 80.4px;"
      >
        o
      </div>
    </div>
  </div>
</div>
`;
