// Jest Snapshot v1, https://goo.gl/fbAQLP

exports[`snapshot 1`] = `
<details
  class="accordion"
  data-testid="Accordion"
  open=""
>
  <summary>
    Timeline Estimation
  </summary>
  <div
    class="body"
  >
    <dl>
      <dt />
      <dd>
        Part To Dinner
      </dd>
    </dl>
  </div>
</details>
`;
