// Jest Snapshot v1, https://goo.gl/fbAQLP

exports[`snapshot 1`] = `
<details
  class="accordion"
  data-testid="Accordion"
  open=""
>
  <summary>
    Timeline Estimation
  </summary>
  <div
    class="body"
  >
    <dl
      class="timeline"
    >
      <div
        class="title"
        data-testid="Title"
      >
        <div
          class="icon"
        >
          <svg
            class="tabler-icon tabler-icon-picnic-table "
            fill="none"
            height="24"
            stroke="currentColor"
            stroke-linecap="round"
            stroke-linejoin="round"
            stroke-width="2"
            viewBox="0 0 24 24"
            width="24"
            xmlns="http://www.w3.org/2000/svg"
          >
            <path
              d="M16 7l2 9m-10 -9l-2 9m-1 -9h14m2 5h-18"
            />
          </svg>
        </div>
        <div
          class="text"
        />
      </div>
      <dd>
        Part To
      </dd>
    </dl>
  </div>
</details>
`;
