// Jest Snapshot v1, https://goo.gl/fbAQLP

exports[`Icon snapshot 1`] = `
<svg
  class="tabler-icon tabler-icon-player-track-next "
  data-testid="Icon"
  fill="none"
  height="24"
  stroke="currentColor"
  stroke-linecap="round"
  stroke-linejoin="round"
  stroke-width="2"
  viewBox="0 0 24 24"
  width="24"
  xmlns="http://www.w3.org/2000/svg"
>
  <path
    d="M3 5v14l8 -7z"
  />
  <path
    d="M14 5v14l8 -7z"
  />
</svg>
`;
