// Jest Snapshot v1, https://goo.gl/fbAQLP

exports[`snapshot 1`] = `
<div
  class="error"
  data-testid="Error"
>
  <div
    class="code"
  >
    500
  </div>
  <div
    class="description"
  >
    This is bad. There is nothing here. You and your family could starve if you expected to cook dinner here. They could be saved by navigating to some place more useful in the site navigation menu.
  </div>
</div>
`;
