// Jest Snapshot v1, https://goo.gl/fbAQLP

exports[`color change will change 1`] = `
<div
  class="ring"
  data-testid="Ring"
>
  <div
    class="m_b32e4812 mantine-RingProgress-root"
    style="--rp-size: calc(Infinityrem * var(--mantine-scale)); --rp-label-offset: calc(1rem * var(--mantine-scale));"
  >
    <svg
      class="m_d43b5134 mantine-RingProgress-svg"
    >
      <circle
        class="m_b1ca1fbf mantine-RingProgress-curve"
        cx="Infinity"
        cy="Infinity"
        fill="none"
        r="Infinity"
        stroke-dasharray="NaN, Infinity"
        stroke-dashoffset="0"
        stroke-linecap="butt"
        stroke-width="8"
        transform="scale(1, -1) translate(0, -Infinity)"
      />
      <circle
        class="m_b1ca1fbf mantine-RingProgress-curve"
        cx="Infinity"
        cy="Infinity"
        fill="none"
        r="Infinity"
        stroke-dasharray="NaN, Infinity"
        stroke-dashoffset="Infinity"
        stroke-linecap="butt"
        stroke-width="8"
        style="--curve-color: var(--secondary-color);"
      />
      <circle
        class="m_b1ca1fbf mantine-RingProgress-curve"
        cx="Infinity"
        cy="Infinity"
        fill="none"
        r="Infinity"
        stroke-dasharray="Infinity, NaN"
        stroke-dashoffset="0"
        stroke-linecap="butt"
        stroke-width="8"
        style="--curve-color: var(--highlight-color);"
      />
    </svg>
    <div
      class="m_b23f9dc4 mantine-RingProgress-label"
    >
      <div
        class="label"
      >
        <div
          class="normal"
        >
          5
        </div>
      </div>
    </div>
  </div>
</div>
`;
