// Jest Snapshot v1, https://goo.gl/fbAQLP

exports[`snapshot 1`] = `
<div
  class="taskDefinition"
  data-testid="TaskDefinition"
>
  <div
    class="imminent"
  >
    <h3
      class="upcomingTitle"
    >
      Upcoming:
    </h3>
    <div
      class="upcomingDescription"
    >
      You don't need to do anything about this yet. It's just warning of what is coming. Start at your own risk of having cold food at the end. We've seen from Hollywood films that time travel can go bad.
    </div>
    <div
      class="upcomingTimer"
    />
    <div
      class="description"
    >
      saute diced green peppers and onion
    </div>
  </div>
  <details
    class="accordion"
    data-testid="Accordion"
  >
    <summary>
      Ingredients
    </summary>
    <div
      class="body"
    >
      <div
        class="noneSpecified"
      >
        None Specified
      </div>
      <ul
        id="ulId123456789"
      />
    </div>
  </details>
  <details
    class="accordion"
    data-testid="Accordion"
  >
    <summary>
      Tools
    </summary>
    <div
      class="body"
    >
      <div
        class="noneSpecified"
      >
        None Specified
      </div>
      <ul
        id="ulId123456789"
      />
    </div>
  </details>
</div>
`;
