// Jest Snapshot v1, https://goo.gl/fbAQLP

exports[`snapshot 1`] = `
<div
  class="taskDefinition"
  data-testid="TaskDefinition"
>
  <div
    class="task"
  >
    <h3
      class="hidden"
    >
      Upcoming:
    </h3>
    <div
      class="hidden"
    >
      You don't need to do anything about this yet. It's just warning of what is coming. Start at your own risk of having cold food at the end. We've seen from Hollywood films that time travel can go bad.
    </div>
    <div
      class="normalTimer"
    />
    <div
      class="description"
    >
      saute diced green peppers and onion
    </div>
  </div>
  <div
    class="body"
    data-testid="Body"
  >
    <details
      class="accordion"
      data-testid="Accordion"
      open=""
    >
      <summary>
        Ingredients
      </summary>
      <div
        class="body"
      >
        <div
          class="default"
        >
          None Specified
        </div>
        <ul
          class="items"
          id="ulId123456789"
        />
      </div>
    </details>
    <details
      class="accordion"
      data-testid="Accordion"
      open=""
    >
      <summary>
        Tools
      </summary>
      <div
        class="body"
      >
        <div
          class="default"
        >
          None Specified
        </div>
        <ul
          class="items"
          id="ulId123456789"
        />
      </div>
    </details>
    <div
      class="title"
      data-testid="Title"
    >
      <div
        class="icon"
      >
        <svg
          class="tabler-icon tabler-icon-bowl-spoon "
          fill="none"
          height="24"
          stroke="currentColor"
          stroke-linecap="round"
          stroke-linejoin="round"
          stroke-width="2"
          viewBox="0 0 24 24"
          width="24"
          xmlns="http://www.w3.org/2000/svg"
        >
          <path
            d="M4 11h16a1 1 0 0 1 1 1v.5c0 1.5 -2.517 5.573 -4 6.5v1a1 1 0 0 1 -1 1h-8a1 1 0 0 1 -1 -1v-1c-1.687 -1.054 -4 -5 -4 -6.5v-.5a1 1 0 0 1 1 -1z"
          />
          <path
            d="M8 7c1.657 0 3 -.895 3 -2s-1.343 -2 -3 -2s-3 .895 -3 2s1.343 2 3 2"
          />
          <path
            d="M11 5h9"
          />
        </svg>
      </div>
      <div
        class="text"
      />
    </div>
  </div>
</div>
`;
