// Jest Snapshot v1, https://goo.gl/fbAQLP

exports[`snapshot 1`] = `
<div
  class="navigationBar"
  data-testid="NavigationBar"
>
  <div
    class="nonNotes"
  >
    <div
      class="navigationLogo"
      data-testid="NavigationLogo"
    >
      <span
        class="mediumLogo logo"
      >
        <div
          class="logo"
          data-testid="Logo"
          style="display: inline-block; height: 60px; overflow: hidden; width: 96px; font-family: \\"Courier New\\", Courier, monospace; font-size: 120px; line-height: 180px;"
        >
          <div
            style="position: relative; top: -48px;"
          >
            <div
              style="height: 96px; overflow: hidden;"
            >
              <div>
                T
              </div>
            </div>
            <div
              style="height: 50.4px; overflow: hidden; position: relative; top: -48px; left: 24px;"
            >
              <div
                style="position: absolute; top: -40.800000000000004px; width: 80.4px;"
              >
                o
              </div>
            </div>
          </div>
        </div>
      </span>
      <span
        class="smallLogo logo"
      >
        <div
          class="logo"
          data-testid="Logo"
          style="display: inline-block; height: 30px; overflow: hidden; width: 48px; font-family: \\"Courier New\\", Courier, monospace; font-size: 60px; line-height: 90px;"
        >
          <div
            style="position: relative; top: -24px;"
          >
            <div
              style="height: 48px; overflow: hidden;"
            >
              <div>
                T
              </div>
            </div>
            <div
              style="height: 25.2px; overflow: hidden; position: relative; top: -24px; left: 12px;"
            >
              <div
                style="position: absolute; top: -20.400000000000002px; width: 40.2px;"
              >
                o
              </div>
            </div>
          </div>
        </div>
      </span>
      <div
        class="navigationLogoText"
      >
        <div
          class="navigationLogoTitle"
        >
          Part To
        </div>
        <div
          class="navigationLogoDescription"
        >
          Interactive Cookbook
        </div>
      </div>
    </div>
    <div
      class="themeSwitch"
    >
      <div
        class="themeSwitch"
        data-testid="ThemeSwitch"
      >
        <div
          class="m_bf2d988c mantine-Checkbox-root m_5f75b09e mantine-Checkbox-root"
          data-label-position="right"
          style="--checkbox-color: var(--mantine-color-red-filled);"
        >
          <div
            class="m_5f6e695e mantine-Checkbox-body"
          >
            <div
              class="m_26062bec mantine-Checkbox-inner"
              data-label-position="right"
            >
              <input
                class="mantine-focus-auto m_26063560 mantine-Checkbox-input"
                id="ThemeSwitch"
                type="checkbox"
              />
              <svg
                aria-hidden="true"
                class="m_bf295423 mantine-Checkbox-icon"
                fill="none"
                viewBox="0 0 10 7"
                xmlns="http://www.w3.org/2000/svg"
              >
                <path
                  clip-rule="evenodd"
                  d="M4 4.586L1.707 2.293A1 1 0 1 0 .293 3.707l3 3a.997.997 0 0 0 1.414 0l5-5A1 1 0 1 0 8.293.293L4 4.586z"
                  fill="currentColor"
                  fill-rule="evenodd"
                />
              </svg>
            </div>
            <div
              class="m_d3ea56bb mantine-Checkbox-labelWrapper"
            >
              <label
                class="m_8ee546b8 mantine-Checkbox-label"
                for="ThemeSwitch"
              >
                Dark
              </label>
            </div>
          </div>
        </div>
      </div>
    </div>
  </div>
  <div
    class="notes"
    data-testid="Notes"
  >
    <div
      class=" note"
    >
      <div
        class="note clickable"
        data-testid="Note"
      >
        <div
          class="heading"
        >
          <span
            class="flasher"
            data-testid="Flasher"
          >
            head
          </span>
        </div>
        <div
          class="detail"
        >
          <span
            class="flasher"
            data-testid="Flasher"
          >
            will still be here
          </span>
        </div>
      </div>
    </div>
  </div>
</div>
`;
