// Jest Snapshot v1, https://goo.gl/fbAQLP

exports[`error 1`] = `
<div
  class="layout"
  data-testid="Layout"
>
  <div
    class="itemSet"
  >
    <div
      class="dynamicItemSet"
      data-testid="DynamicItemSet"
    >
      <div
        class="buttonSet"
        data-testid="ButtonSet"
      />
      <div
        class="empty"
        data-testid="Empty"
      >
        Page Load Error: 0
      </div>
    </div>
  </div>
  <div
    class="itemSet"
  >
    <div
      class="dynamicItemSet"
      data-testid="DynamicItemSet"
    >
      <div
        class="buttonSet"
        data-testid="ButtonSet"
      />
      <div
        class="empty"
        data-testid="Empty"
      >
        <div
          class="error"
          data-testid="Spinner"
        >
          Page Load Error: 0
        </div>
      </div>
    </div>
  </div>
</div>
`;
