// Jest Snapshot v1, https://goo.gl/fbAQLP

exports[`snapshot 1`] = `
<div
  class="layout"
  data-testid="Layout"
>
  <div
    class="itemSet"
  >
    <div
      class="dynamicItemSet"
      data-testid="DynamicItemSet"
    >
      <div
        class="buttonSet"
        data-testid="ButtonSet"
      />
      <div
        class="one"
        data-testid="One"
      >
        <div
          class="content"
        >
          <div
            class="partTo"
            data-testid="PartTo"
          >
            <div
              class="name"
            >
              <div
                class="error"
                data-testid="Spinner"
              >
                Loading...
              </div>
            </div>
            <details
              class="accordion"
              data-testid="Accordion"
              open=""
            >
              <summary>
                Ingredients
              </summary>
              <div
                class="body"
              >
                <span
                  class="noneSpecified"
                />
                <ul
                  id="ulId123456789"
                />
              </div>
            </details>
            <details
              class="accordion"
              data-testid="Accordion"
              open=""
            >
              <summary>
                Tools
              </summary>
              <div
                class="body"
              >
                <span
                  class="noneSpecified"
                />
                <ul
                  id="ulId123456789"
                />
              </div>
            </details>
            <details
              class="accordion"
              data-testid="Accordion"
              open=""
            >
              <summary>
                Tasks
              </summary>
              <div
                class="body"
              >
                <span
                  class="noneSpecified"
                />
                <ul
                  id="ulId123456789"
                />
              </div>
            </details>
          </div>
        </div>
        <div
          class="buttonSet"
          data-testid="ButtonSet"
        >
          <div
            class="container"
          >
            <button
              aria-label="Add to Meal"
              class="mantine-focus-auto mantine-active button m_8d3f4000 mantine-ActionIcon-root m_87cf2631 mantine-UnstyledButton-root"
              data-testid="Button"
              style="--ai-color: var(--mantine-color-white);"
              type="button"
            >
              <span
                class="m_8d3afb97 mantine-ActionIcon-icon"
              >
                <svg
                  class="tabler-icon tabler-icon-plus "
                  fill="none"
                  height="24"
                  stroke="currentColor"
                  stroke-linecap="round"
                  stroke-linejoin="round"
                  stroke-width="2"
                  viewBox="0 0 24 24"
                  width="24"
                  xmlns="http://www.w3.org/2000/svg"
                >
                  <path
                    d="M12 5l0 14"
                  />
                  <path
                    d="M5 12l14 0"
                  />
                </svg>
              </span>
            </button>
          </div>
        </div>
      </div>
    </div>
  </div>
  <div
    class="itemSet"
  >
    <div
      class="dynamicItemSet"
      data-testid="DynamicItemSet"
    >
      <div
        class="buttonSet"
        data-testid="ButtonSet"
      />
      <div
        class="empty"
        data-testid="Empty"
      >
         
        <div
          class="emptySimpleView"
          data-testid="EmptySimpleView"
        >
          <div
            class="icon"
          >
            <svg
              class="tabler-icon tabler-icon-mood-empty "
              fill="none"
              height="24"
              stroke="currentColor"
              stroke-linecap="round"
              stroke-linejoin="round"
              stroke-width="2"
              viewBox="0 0 24 24"
              width="24"
              xmlns="http://www.w3.org/2000/svg"
            >
              <path
                d="M12 12m-9 0a9 9 0 1 0 18 0a9 9 0 1 0 -18 0"
              />
              <path
                d="M9 10l.01 0"
              />
              <path
                d="M15 10l.01 0"
              />
              <path
                d="M9 15l6 0"
              />
            </svg>
          </div>
          <div
            class="content"
          >
            Select recipes from the first pane with the plus and add tasks for meal a meal to the second pane. When all your meal tasks are in the second pane, click the oven that will appear to start cooking.
          </div>
        </div>
         
      </div>
    </div>
  </div>
</div>
`;
