// Jest Snapshot v1, https://goo.gl/fbAQLP

exports[`Icon snapshot 1`] = `
<svg
  className="tabler-icon tabler-icon-player-track-next "
  fill="none"
  height={24}
  stroke="currentColor"
  strokeLinecap="round"
  strokeLinejoin="round"
  strokeWidth={2}
  style={
    Object {
      "height": "calc(1.875rem * var(--mantine-scale))",
      "width": "calc(1.875rem * var(--mantine-scale))",
    }
  }
  viewBox="0 0 24 24"
  width={24}
  xmlns="http://www.w3.org/2000/svg"
>
  <path
    d="M3 5v14l8 -7z"
  />
  <path
    d="M14 5v14l8 -7z"
  />
</svg>
`;
